// Jest Snapshot v1, https://goo.gl/fbAQLP

exports[`FeatureCard should match snapshot 1`] = `
<div>
  <div
    class="rounded-xl border bg-card text-card-foreground shadow"
  >
    <div
      class="flex flex-col space-y-1.5 p-6"
    >
      <div
        class="font-semibold leading-none tracking-tight flex items-center space-x-3"
      >
        <div
          class="flex h-8 w-8 items-center justify-center"
        >
          <svg
            class="lucide lucide-circle-help h-6 w-6"
            data-testid="icon"
            fill="none"
            height="24"
            stroke="currentColor"
            stroke-linecap="round"
            stroke-linejoin="round"
            stroke-width="2"
            viewBox="0 0 24 24"
            width="24"
            xmlns="http://www.w3.org/2000/svg"
          >
            <circle
              cx="12"
              cy="12"
              r="10"
            />
            <path
              d="M9.09 9a3 3 0 0 1 5.83 1c0 2-3 3-3 3"
            />
            <path
              d="M12 17h.01"
            />
          </svg>
        </div>
        <span>
          Test Feature
        </span>
      </div>
    </div>
    <div
      class="p-6 pt-0"
    >
      <p
        class="text-gray-600"
      >
        Test description
      </p>
    </div>
  </div>
</div>
`;
